../Core/Src/main.c:66:6:HAL_GPIO_EXTI_Callback	24	static
../Core/Src/main.c:122:6:heartbeat	8	static
../Core/Src/main.c:131:6:signal_led_left	8	static
../Core/Src/main.c:146:6:signal_led_right	8	static
../Core/Src/main.c:161:6:stationary	8	static
../Core/Src/main.c:182:5:main	8	static
../Core/Src/main.c:235:6:SystemClock_Config	96	static
../Core/Src/main.c:279:13:MX_USART2_UART_Init	8	static
../Core/Src/main.c:314:13:MX_GPIO_Init	40	static
../Core/Src/main.c:378:6:Error_Handler	4	static,ignoring_inline_asm
