../Core/Src/main.c:64:6:HAL_GPIO_EXTI_Callback	24	static
../Core/Src/main.c:88:6:heartbeat	8	static
../Core/Src/main.c:97:6:signal_led_left	8	static
../Core/Src/main.c:111:6:signal_led_right	8	static
../Core/Src/main.c:125:6:stationary	8	static
../Core/Src/main.c:146:5:main	8	static
../Core/Src/main.c:199:6:SystemClock_Config	96	static
../Core/Src/main.c:243:13:MX_USART2_UART_Init	8	static
../Core/Src/main.c:278:13:MX_GPIO_Init	40	static
../Core/Src/main.c:342:6:Error_Handler	4	static,ignoring_inline_asm
